== probe rediss://default:****@ac5d72b03cbea4c6e8364620c067271a-b667c724cdd724fc.elb.us-east-2.amazonaws.com:6379#insecure ==
PING: PONG
RTT ms (min max avg samples): 12 13 12.37 46
== [B-remote-cached-c32] Limitador storage=redis-cached, Redis=rediss://default:****@ac5d72b03cbea4c6e8364620c067271a-b667c724cdd724fc.elb.us-east-2.amazonaws.com:6379#insecure ==
   subjects=20 concurrency=32 (2 pod x 16) duration=120s max_tokens=1
   credentials: apikey x 20

== RTT idle (Limitador namespace -> Redis): min max avg samples = 12 15 12.15 46

== under load (every 20s; Limitador commands only) ==
t(s)   Redis cmd/s    RTT min/max/avg(ms)
5      616.6          13/15/13.98
32     655.4          12/13/12.51
59     647.3          12/15/12.22
85     664.3          12/13/12.17
113    630.3          11/13/12.04
139    672.8          12/15/12.44

== [B-remote-cached-c32] result ==
requests (200 / total)               32565 / 32690
HTTP codes                           200:32565 500:125 
throughput (req/s)                   210.9
client latency p50/p95/p99/max ms    130 / 179 / 212 / 361
Limitador authorized/limited calls   32565 / 0
Redis commands from Limitador        97695 (588.5/s, 2.99 per request)
  command mix                        get=32565 incrby=32565 evalsha=32565 
Redis network from Limitador (approx) in 264.6 KB/s, out 4.0 KB/s = 2.200 Mbps (1397 B/request)
Redis keys                           22 -> 22
Redis used_memory                    1.23 MB (peak 1.25 MB)
RTT under load, avg of samples (ms)  12.56 (max 15)

raw requests saved: /c/Users/USER/workspace/openshift-ai-maas-demo/harness/results/scenario31b/20261009-051033-B-remote-cached-c32.requests

== [B-remote-cached-c64] Limitador storage=redis-cached, Redis=rediss://default:****@ac5d72b03cbea4c6e8364620c067271a-b667c724cdd724fc.elb.us-east-2.amazonaws.com:6379#insecure ==
   subjects=20 concurrency=64 (4 pod x 16) duration=120s max_tokens=1
   credentials: apikey x 20

== RTT idle (Limitador namespace -> Redis): min max avg samples = 11 15 12.04 46

== under load (every 20s; Limitador commands only) ==
t(s)   Redis cmd/s    RTT min/max/avg(ms)
5      1218.2         13/37/15.47
32     923.4          13/30/15.54
59     881.7          13/32/16.92
86     985.2          13/35/15.86
113    840.6          12/16/12.69
140    779.6          12/20/13.79

== [B-remote-cached-c64] result ==
requests (200 / total)               44956 / 48646
HTTP codes                           200:44956 500:3690 
throughput (req/s)                   307.9
client latency p50/p95/p99/max ms    175 / 276 / 306 / 1331
Limitador authorized/limited calls   44956 / 0
Redis commands from Limitador        134868 (793.3/s, 2.77 per request)
  command mix                        get=44956 incrby=44956 evalsha=44956 
Redis network from Limitador (approx) in 356.6 KB/s, out 5.4 KB/s = 2.966 Mbps (1296 B/request)
Redis keys                           22 -> 22
Redis used_memory                    1.23 MB (peak 1.25 MB)
RTT under load, avg of samples (ms)  15.05 (max 37)

raw requests saved: /c/Users/USER/workspace/openshift-ai-maas-demo/harness/results/scenario31b/20261009-051537-B-remote-cached-c64.requests

== [B-remote-cached-c128] Limitador storage=redis-cached, Redis=rediss://default:****@ac5d72b03cbea4c6e8364620c067271a-b667c724cdd724fc.elb.us-east-2.amazonaws.com:6379#insecure ==
   subjects=20 concurrency=128 (8 pod x 16) duration=120s max_tokens=1
   credentials: apikey x 20

== RTT idle (Limitador namespace -> Redis): min max avg samples = 12 14 12.07 46

== under load (every 20s; Limitador commands only) ==
t(s)   Redis cmd/s    RTT min/max/avg(ms)
4      2134.5         11/36/15.49
31     460.5          12/39/17.17
59     436.7          13/32/16.29
86     485.3          13/33/16.58
113    471.4          13/53/18.24
141    450.1          14/45/18.66

== [B-remote-cached-c128] result ==
requests (200 / total)               25889 / 69852
HTTP codes                           200:25889 500:43960 503:3 
throughput (req/s)                   420.8
client latency p50/p95/p99/max ms    296 / 371 / 411 / 584
Limitador authorized/limited calls   25889 / 0
Redis commands from Limitador        77667 (438.8/s, 1.11 per request)
  command mix                        get=25889 incrby=25889 evalsha=25889 
Redis network from Limitador (approx) in 197.3 KB/s, out 3.0 KB/s = 1.640 Mbps (520 B/request)
Redis keys                           22 -> 22
Redis used_memory                    1.23 MB (peak 1.25 MB)
RTT under load, avg of samples (ms)  17.07 (max 53)

raw requests saved: /c/Users/USER/workspace/openshift-ai-maas-demo/harness/results/scenario31b/20261009-052106-B-remote-cached-c128.requests

== [B-remote-cached-c256] Limitador storage=redis-cached, Redis=rediss://default:****@ac5d72b03cbea4c6e8364620c067271a-b667c724cdd724fc.elb.us-east-2.amazonaws.com:6379#insecure ==
   subjects=20 concurrency=256 (16 pod x 16) duration=120s max_tokens=1
   credentials: apikey x 20

== RTT idle (Limitador namespace -> Redis): min max avg samples = 12 14 13.00 44

== under load (every 20s; Limitador commands only) ==
t(s)   Redis cmd/s    RTT min/max/avg(ms)
4      2322.0         12/51/22.50
31     181.0          12/38/17.74
60     178.4          12/86/21.12
87     206.0          11/94/21.32
115    200.8          12/148/22.00
143    196.4          13/41/17.45

== [B-remote-cached-c256] result ==
requests (200 / total)               13225 / 95282
HTTP codes                           200:13225 403:1 500:82047 503:9 
throughput (req/s)                   523.5
client latency p50/p95/p99/max ms    438 / 655 / 803 / 1612
Limitador authorized/limited calls   13218 / 0
Redis commands from Limitador        39676 (205.6/s, 0.42 per request)
  command mix                        get=13226 incrby=13225 evalsha=13225 
Redis network from Limitador (approx) in 92.4 KB/s, out 1.4 KB/s = 0.768 Mbps (195 B/request)
Redis keys                           22 -> 22
Redis used_memory                    1.23 MB (peak 1.25 MB)
RTT under load, avg of samples (ms)  20.36 (max 148)

raw requests saved: /c/Users/USER/workspace/openshift-ai-maas-demo/harness/results/scenario31b/20261009-052716-B-remote-cached-c256.requests

== Limitador storage -> redis ==
Waiting for deployment "limitador-limitador" rollout to finish: 1 old replicas are pending termination...
Waiting for deployment "limitador-limitador" rollout to finish: 1 old replicas are pending termination...
deployment "limitador-limitador" successfully rolled out
