== [R2-remote-cached] Limitador storage=redis-cached, Redis=rediss://default:****@ac5d72b03cbea4c6e8364620c067271a-b667c724cdd724fc.elb.us-east-2.amazonaws.com:6379#insecure ==
   subjects=20 concurrency=16 duration=180s max_tokens=16
   credentials: apikey x 20

== RTT idle (Limitador namespace -> Redis): min max avg samples = 11 12 11.47 47

== under load (every 15s; Limitador commands only) ==
t(s)   Redis cmd/s    RTT min/max/avg(ms)
5      149.4          13/17/13.93
29     177.5          11/12/11.45
53     177.2          13/17/13.86
75     182.5          12/13/12.04
99     167.7          13/14/13.05
123    179.1          11/12/11.87
147    171.8          13/14/13.27
172    179.0          13/17/13.25

== [R2-remote-cached] result ==
requests (200 / total)               10537 / 10573
HTTP codes                           200:10537 500:36 
throughput (req/s)                   58.7
client latency p50/p95/p99/max ms    264 / 284 / 302 / 461
Limitador authorized/limited calls   10537 / 0
Redis commands from Limitador        31611 (164.6/s, 2.99 per request)
  command mix                        get=10537 incrby=10537 evalsha=10537 
Redis network from Limitador (approx) in 74.0 KB/s, out 1.0 KB/s = 0.614 Mbps (1395 B/request)
Redis keys                           25 -> 25
Redis used_memory                    1.23 MB (peak 1.25 MB)
RTT under load, avg of samples (ms)  12.84 (max 17)

== Limitador storage -> redis ==
Waiting for deployment "limitador-limitador" rollout to finish: 1 old replicas are pending termination...
Waiting for deployment "limitador-limitador" rollout to finish: 1 old replicas are pending termination...
deployment "limitador-limitador" successfully rolled out
{"redis":{"configSecretRef":{"name":"limitador-redis-config"}}}
== [R3-remote-sync] Limitador storage=redis, Redis=rediss://default:****@ac5d72b03cbea4c6e8364620c067271a-b667c724cdd724fc.elb.us-east-2.amazonaws.com:6379#insecure ==
   subjects=20 concurrency=16 duration=180s max_tokens=16
   credentials: apikey x 20

== RTT idle (Limitador namespace -> Redis): min max avg samples = 13 14 13.14 44

== under load (every 15s; Limitador commands only) ==
t(s)   Redis cmd/s    RTT min/max/avg(ms)
5      160.0          12/14/12.35
29     170.3          12/13/12.39
53     177.5          12/14/12.87
77     182.4          12/13/12.87
101    168.2          13/15/13.86
124    182.5          11/15/11.66
147    175.3          12/13/12.11
169    179.4          13/19/13.51

== [R3-remote-sync] result ==
requests (200 / total)               10544 / 10569
HTTP codes                           200:10544 500:25 
throughput (req/s)                   58.7
client latency p50/p95/p99/max ms    263 / 282 / 296 / 452
Limitador authorized/limited calls   10544 / 0
Redis commands from Limitador        31632 (168.3/s, 2.99 per request)
  command mix                        get=10544 incrby=10544 evalsha=10544 
Redis network from Limitador (approx) in 75.6 KB/s, out 1.0 KB/s = 0.628 Mbps (1396 B/request)
Redis keys                           25 -> 25
Redis used_memory                    1.23 MB (peak 1.25 MB)
RTT under load, avg of samples (ms)  12.70 (max 19)

== Limitador storage -> redis-cached ==
Waiting for deployment "limitador-limitador" rollout to finish: 1 old replicas are pending termination...
Waiting for deployment "limitador-limitador" rollout to finish: 1 old replicas are pending termination...
deployment "limitador-limitador" successfully rolled out
{"redis-cached":{"configSecretRef":{"name":"limitador-redis-config"},"options":{"batch-size":100,"flush-period":500,"max-cached":10000,"response-timeout":500}}}
== restore redis://limitador-redis.kuadrant-system.svc.cluster.local:6379 ==
Waiting for deployment "limitador-limitador" rollout to finish: 1 old replicas are pending termination...
Waiting for deployment "limitador-limitador" rollout to finish: 1 old replicas are pending termination...
deployment "limitador-limitador" successfully rolled out
-- Limitador log (redis/partition/error)
(none)
Limitador store: redis://limitador-redis.kuadrant-system.svc.cluster.local:6379
== [R1-incluster-cached] Limitador storage=redis-cached, Redis=redis://limitador-redis.kuadrant-system.svc.cluster.local:6379 ==
   subjects=20 concurrency=16 duration=180s max_tokens=16
   credentials: apikey x 20

== RTT idle (Limitador namespace -> Redis): min max avg samples = 0 2 0.79 94

== under load (every 15s; Limitador commands only) ==
t(s)   Redis cmd/s    RTT min/max/avg(ms)
7      159.0          0/4/0.79
32     194.8          0/4/0.81
57     199.8          0/3/0.83
79     205.8          0/2/0.81
101    198.7          0/1/0.79
123    193.6          0/2/0.84
145    191.5          0/1/0.79
168    190.0          0/3/0.83

== [R1-incluster-cached] result ==
requests (200 / total)               11643 / 11687
HTTP codes                           200:11643 500:44 
throughput (req/s)                   64.9
client latency p50/p95/p99/max ms    236 / 253 / 279 / 453
Limitador authorized/limited calls   11643 / 0
Redis commands from Limitador        34969 (187.0/s, 2.99 per request)
  command mix                        expire=20 sadd=20 get=11643 incrby=11643 evalsha=11643 
Redis network from Limitador (approx) in 84.0 KB/s, out 1.1 KB/s = 0.697 Mbps (1393 B/request)
Redis keys                           0 -> 21
Redis used_memory                    1.13 MB (peak 1.14 MB)
RTT under load, avg of samples (ms)  0.81 (max 4)

== Limitador storage -> redis ==
Waiting for deployment "limitador-limitador" rollout to finish: 1 old replicas are pending termination...
Waiting for deployment "limitador-limitador" rollout to finish: 1 old replicas are pending termination...
deployment "limitador-limitador" successfully rolled out
{"redis":{"configSecretRef":{"name":"limitador-redis-config"}}}
== [R4-incluster-sync] Limitador storage=redis, Redis=redis://limitador-redis.kuadrant-system.svc.cluster.local:6379 ==
   subjects=20 concurrency=16 duration=180s max_tokens=16
   credentials: apikey x 20

== RTT idle (Limitador namespace -> Redis): min max avg samples = 0 1 0.77 94

== under load (every 15s; Limitador commands only) ==
t(s)   Redis cmd/s    RTT min/max/avg(ms)
5      132.4          0/4/0.86
28     194.3          0/2/0.82
51     191.8          0/2/0.82
74     195.8          0/3/0.88
98     193.2          0/4/0.89
122    191.2          0/4/0.95
145    200.2          0/4/0.95
169    192.1          0/4/0.85

== [R4-incluster-sync] result ==
requests (200 / total)               11649 / 11670
HTTP codes                           200:11649 500:21 
throughput (req/s)                   64.8
client latency p50/p95/p99/max ms    236 / 253 / 282 / 428
Limitador authorized/limited calls   11649 / 0
Redis commands from Limitador        34947 (184.9/s, 2.99 per request)
  command mix                        get=11649 incrby=11649 evalsha=11649 
Redis network from Limitador (approx) in 83.1 KB/s, out 1.1 KB/s = 0.690 Mbps (1397 B/request)
Redis keys                           21 -> 21
Redis used_memory                    1.13 MB (peak 1.14 MB)
RTT under load, avg of samples (ms)  0.88 (max 4)

== Limitador storage -> redis-cached ==
Waiting for deployment "limitador-limitador" rollout to finish: 1 old replicas are pending termination...
Waiting for deployment "limitador-limitador" rollout to finish: 1 old replicas are pending termination...
deployment "limitador-limitador" successfully rolled out
{"redis-cached":{"configSecretRef":{"name":"limitador-redis-config"},"options":{"batch-size":100,"flush-period":500,"max-cached":10000,"response-timeout":500}}}
== 1) preflight: rediss://default:****@ac5d72b03cbea4c6e8364620c067271a-b667c724cdd724fc.elb.us-east-2.amazonaws.com:6379#insecure ==
PING: PONG
RTT ms (min max avg samples): 11 16 11.83 47
== 2) backup current URL ==
saved to /c/Users/USER/workspace/openshift-ai-maas-demo/harness/state/limitador-redis-url.orig
== 3) Secret limitador-redis-config + rollout restart ==
Waiting for deployment "limitador-limitador" rollout to finish: 1 old replicas are pending termination...
Waiting for deployment "limitador-limitador" rollout to finish: 1 old replicas are pending termination...
deployment "limitador-limitador" successfully rolled out
-- Limitador log (redis/partition/error)
(none)
Limitador store: rediss://default:****@ac5d72b03cbea4c6e8364620c067271a-b667c724cdd724fc.elb.us-east-2.amazonaws.com:6379#insecure
ALL RUNS DONE
